[www.webosu.online/local.html]
[backblue.gif]
[fade.gif]
[index.html]
[www.webosu.online/assets/img/favicon.png]
[www.webosu.online/assets/css/picnic.min.css]
[www.webosu.online/assets/css/main.css]
[www.webosu.online/assets/css/font.css]
[www.webosu.online/assets/js/launchgame.js]
[www.webosu.online/assets/js/downloader.js]
[www.webosu.online/assets/js/addbeatmaplist.js]
[www.webosu.online/assets/js/settings.js]
[www.webosu.online/assets/js/jsloader.js]
[www.webosu.online/assets/js/lib/localforage.min.js]
[plausible.io/js/plausible.js]
[arc.io/widget.min.js]
[www.webosu.online/index.html]
[www.webosu.online/new.html]
[www.webosu.online/hot.html]
[www.webosu.online/browse.html]
[www.webosu.online/faq.html]
[www.webosu.online/local.html]
[www.webosu.online/”https_/webosu.online/”/index.html]
[www.webosu.online/assets/css/picnic.min.css]
[www.webosu.online/settings.html]
[www.webosu.online/assets/css/cursor.cur]
[www.webosu.online/assets/css/cursorsmall.cur]
[www.webosu.online/assets/css/main.css]
[www.webosu.online/assets/css/Comfortaa.woff2]
[www.webosu.online/assets/css/font.css]
[www.webosu.online/assets/css/fontello.ttf]
[www.webosu.online/assets/css/popup.css]
[www.webosu.online/history.html]
[www.webosu.online/search03d2.html]
[www.webosu.online/GET]
[www.webosu.online/index.html]
[www.webosu.online/faq.html.html]
[www.webosu.online/new.html]
[www.webosu.online/hot.html]
[www.webosu.online/browse.html]
[www.webosu.online/assets/img/search.svg]
[www.webosu.online/settings]
[www.webosu.online/faq.html]
[www.webosu.online/settings.html]
[www.webosu.online/assets/css/404.html]
[www.webosu.online/assets/css/404-2.html]
[www.webosu.online/history.html]
[www.webosu.online/window.location.href]
[www.webosu.online/search03d2.html]
[www.webosu.online/404.html]
[www.webosu.online/404-2.html]
[www.webosu.online/assets/img/search.svg]
[www.webosu.online/404-3.html]
[www.webosu.online/404-4.html]
